2025-11-07 10:51:28,349 - INFO - Loading BM25 index...
2025-11-07 10:51:28,350 - ERROR - Error loading search systems: Can't get attribute 'BM25Index' on <module '__main__' (<class '_frozen_importlib.BuiltinImporter'>)>
2025-11-07 10:51:59,008 - INFO - Loading BM25 index...
2025-11-07 10:51:59,009 - ERROR - Error loading search systems: Can't get attribute 'BM25Index' on <module '__main__' (<class '_frozen_importlib.BuiltinImporter'>)>
2025-11-07 10:52:47,732 - INFO - Loading BM25 index...
2025-11-07 10:52:56,253 - INFO - BM25 index loaded: 1000000 documents
2025-11-07 10:52:56,254 - INFO - Loading FAISS index...
2025-11-07 10:52:57,154 - INFO - FAISS index loaded: 1000000 vectors
2025-11-07 10:52:57,156 - INFO - Loading embeddings for query encoding...
2025-11-07 10:52:58,175 - INFO - Embeddings loaded: (1000000, 384)
2025-11-07 10:53:16,826 - INFO - Loading BM25 index...
2025-11-07 10:53:22,461 - INFO - BM25 index loaded: 1000000 documents
2025-11-07 10:53:22,461 - INFO - Loading FAISS index...
2025-11-07 10:53:23,209 - INFO - FAISS index loaded: 1000000 vectors
2025-11-07 10:53:23,210 - INFO - Loading embeddings for query encoding...
2025-11-07 10:53:24,149 - INFO - Embeddings loaded: (1000000, 384)
2025-11-07 10:53:48,566 - INFO - Loading BM25 index...
2025-11-07 10:53:54,329 - INFO - BM25 index loaded: 1000000 documents
2025-11-07 10:53:54,330 - INFO - Loading FAISS index...
2025-11-07 10:53:55,110 - INFO - FAISS index loaded: 1000000 vectors
2025-11-07 10:53:55,110 - INFO - Loading embeddings for query encoding...
2025-11-07 10:53:56,005 - INFO - Embeddings loaded: (1000000, 384)
2025-11-07 10:54:08,641 - INFO - [Server] "GET / HTTP/1.1" 200 -
2025-11-07 10:57:01,132 - INFO - Loading BM25 index...
2025-11-07 10:57:09,734 - INFO - BM25 index loaded: 1000000 documents
2025-11-07 10:57:09,736 - INFO - Loading FAISS index...
2025-11-07 10:57:10,656 - INFO - FAISS index loaded: 1000000 vectors
2025-11-07 10:57:10,658 - INFO - Loading embeddings for query encoding...
2025-11-07 10:57:11,695 - INFO - Embeddings loaded: (1000000, 384)
2025-11-07 10:59:29,617 - INFO - Killing process 80664 on port 8080
2025-11-07 10:59:30,126 - INFO - Loading BM25 index...
2025-11-07 10:59:35,587 - INFO - BM25 index loaded: 1000000 documents
2025-11-07 10:59:35,587 - INFO - Loading FAISS index...
2025-11-07 10:59:36,701 - INFO - FAISS index loaded: 1000000 vectors
2025-11-07 10:59:36,702 - INFO - Loading embeddings for query encoding...
2025-11-07 10:59:37,464 - INFO - Embeddings loaded: (1000000, 384)
2025-11-07 10:59:50,492 - INFO - [Server] "GET / HTTP/1.1" 200 -
2025-11-07 10:59:50,765 - INFO - [Server] "GET /favicon.ico HTTP/1.1" 404 -
2025-11-07 10:59:53,682 - INFO - Search request: 'cat', mode: bm25, topk: 10, snippets: True
2025-11-07 10:59:53,701 - WARNING - C++ BM25 failed: [Errno 2] No such file or directory: './QueryProcessing', using Python BM25
2025-11-07 10:59:53,702 - INFO - Searching for terms: ['cat']
2025-11-07 10:59:53,781 - INFO - [Server] "POST /search HTTP/1.1" 200 -
2025-11-07 11:00:00,448 - INFO - Search request: 'cat dog', mode: bm25, topk: 10, snippets: True
2025-11-07 11:00:00,482 - WARNING - C++ BM25 failed: [Errno 2] No such file or directory: './QueryProcessing', using Python BM25
2025-11-07 11:00:00,482 - INFO - Searching for terms: ['cat', 'dog']
2025-11-07 11:00:01,067 - INFO - [Server] "POST /search HTTP/1.1" 200 -
2025-11-07 11:00:09,458 - INFO - Search request: 'cat dog', mode: bm25, topk: 10, snippets: True
2025-11-07 11:00:09,476 - WARNING - C++ BM25 failed: [Errno 2] No such file or directory: './QueryProcessing', using Python BM25
2025-11-07 11:00:09,477 - INFO - Searching for terms: ['cat', 'dog']
2025-11-07 11:00:11,021 - INFO - [Server] "POST /search HTTP/1.1" 200 -
2025-11-07 11:00:15,300 - INFO - Search request: 'cat dog', mode: bm25, topk: 10, snippets: True
2025-11-07 11:00:15,352 - WARNING - C++ BM25 failed: [Errno 2] No such file or directory: './QueryProcessing', using Python BM25
2025-11-07 11:00:15,353 - INFO - Searching for terms: ['cat', 'dog']
2025-11-07 11:00:15,967 - INFO - [Server] "POST /search HTTP/1.1" 200 -
2025-11-07 11:00:19,442 - INFO - Search request: 'cat dog', mode: bm25, topk: 10, snippets: True
2025-11-07 11:00:19,477 - WARNING - C++ BM25 failed: [Errno 2] No such file or directory: './QueryProcessing', using Python BM25
2025-11-07 11:00:19,479 - INFO - Searching for terms: ['cat', 'dog']
2025-11-07 11:00:20,065 - INFO - [Server] "POST /search HTTP/1.1" 200 -
2025-11-07 11:00:21,513 - INFO - Search request: 'cat dog', mode: bm25, topk: 10, snippets: True
2025-11-07 11:00:21,536 - WARNING - C++ BM25 failed: [Errno 2] No such file or directory: './QueryProcessing', using Python BM25
2025-11-07 11:00:21,537 - INFO - Searching for terms: ['cat', 'dog']
2025-11-07 11:00:22,120 - INFO - [Server] "POST /search HTTP/1.1" 200 -
2025-11-07 11:00:26,438 - INFO - Search request: 'cat dog', mode: dense, topk: 10, snippets: True
2025-11-07 11:00:26,522 - WARNING - LM Studio API failed: <urlopen error [Errno 61] Connection refused>, falling back to hash-based approach
2025-11-07 11:00:26,574 - INFO - [Server] "POST /search HTTP/1.1" 200 -
2025-11-07 11:00:41,171 - INFO - Search request: 'cat dog', mode: hybrid, topk: 10, snippets: True
2025-11-07 11:00:41,171 - INFO - Searching for terms: ['cat', 'dog']
2025-11-07 11:00:41,777 - WARNING - LM Studio API failed: <urlopen error [Errno 61] Connection refused>, falling back to hash-based approach
2025-11-07 11:00:41,777 - ERROR - Search error: 'numpy.ndarray' object has no attribute 'index'
2025-11-07 11:00:41,777 - ERROR - Search error: 'numpy.ndarray' object has no attribute 'index'
2025-11-07 11:00:41,777 - INFO - [Server] "POST /search HTTP/1.1" 500 -
2025-11-07 11:00:56,836 - INFO - Search request: 'cat dog', mode: hybrid, topk: 10, snippets: True
2025-11-07 11:00:56,837 - INFO - Searching for terms: ['cat', 'dog']
2025-11-07 11:00:57,435 - WARNING - LM Studio API failed: <urlopen error [Errno 61] Connection refused>, falling back to hash-based approach
2025-11-07 11:00:57,435 - ERROR - Search error: 'numpy.ndarray' object has no attribute 'index'
2025-11-07 11:00:57,435 - ERROR - Search error: 'numpy.ndarray' object has no attribute 'index'
2025-11-07 11:00:57,436 - INFO - [Server] "POST /search HTTP/1.1" 500 -
2025-11-07 11:09:29,567 - INFO - Loading BM25 index...
2025-11-07 11:09:36,592 - INFO - BM25 index loaded: 1000000 documents
2025-11-07 11:09:36,593 - INFO - Loading FAISS index...
2025-11-07 11:09:37,305 - INFO - FAISS index loaded: 1000000 vectors
2025-11-07 11:09:37,306 - INFO - Loading embeddings for query encoding...
2025-11-07 11:09:38,376 - INFO - Embeddings loaded: (1000000, 384)
2025-11-07 11:09:54,581 - INFO - Search request: 'machine learning', mode: bm25, topk: 5, snippets: True
2025-11-07 11:09:54,588 - WARNING - C++ BM25 failed: [Errno 2] No such file or directory: './QueryProcessing', using Python BM25
2025-11-07 11:09:54,588 - INFO - Searching for terms: ['machine', 'learning'] (OR mode)
2025-11-07 11:09:55,146 - INFO - [Server] "POST /search HTTP/1.1" 200 -
2025-11-07 11:10:00,471 - INFO - Search request: 'machine learning', mode: bm25, topk: 5, snippets: True
2025-11-07 11:10:00,513 - WARNING - C++ BM25 failed: [Errno 2] No such file or directory: './QueryProcessing', using Python BM25
2025-11-07 11:10:00,513 - INFO - Searching for terms: ['machine', 'learning'] (AND mode)
2025-11-07 11:10:00,520 - INFO - [Server] "POST /search HTTP/1.1" 200 -
2025-11-07 11:10:25,786 - INFO - Search request: 'python programming', mode: bm25, topk: 3, snippets: True
2025-11-07 11:10:25,804 - WARNING - C++ BM25 failed: [Errno 2] No such file or directory: './QueryProcessing', using Python BM25
2025-11-07 11:10:25,804 - INFO - Searching for terms: ['python', 'programming'] (OR mode)
2025-11-07 11:10:25,834 - INFO - [Server] "POST /search HTTP/1.1" 200 -
2025-11-07 11:10:29,843 - INFO - Search request: 'python programming', mode: bm25, topk: 3, snippets: True
2025-11-07 11:10:29,851 - WARNING - C++ BM25 failed: [Errno 2] No such file or directory: './QueryProcessing', using Python BM25
2025-11-07 11:10:29,851 - INFO - Searching for terms: ['python', 'programming'] (AND mode)
2025-11-07 11:10:29,853 - INFO - [Server] "POST /search HTTP/1.1" 200 -
2025-11-07 11:10:34,772 - INFO - Search request: 'machine learning', mode: hybrid, topk: 3, snippets: True
2025-11-07 11:10:34,772 - INFO - Searching for terms: ['machine', 'learning'] (OR mode)
2025-11-07 11:10:36,361 - INFO - Hybrid search: BM25 generated 1000 candidates
2025-11-07 11:10:36,403 - WARNING - LM Studio API failed: <urlopen error [Errno 61] Connection refused>, falling back to hash-based approach
2025-11-07 11:10:36,691 - INFO - Hybrid search: Re-ranked to 3 final results
2025-11-07 11:10:36,692 - INFO - [Server] "POST /search HTTP/1.1" 200 -
2025-11-07 11:13:03,936 - INFO - Loading BM25 index...
2025-11-07 11:13:09,114 - INFO - BM25 index loaded: 1000000 documents
2025-11-07 11:13:09,114 - INFO - Loading FAISS index...
2025-11-07 11:13:10,114 - INFO - FAISS index loaded: 1000000 vectors
2025-11-07 11:13:10,116 - INFO - Loading embeddings for query encoding...
2025-11-07 11:13:10,851 - INFO - Embeddings loaded: (1000000, 384)
2025-11-07 11:13:25,643 - INFO - [Server] "GET / HTTP/1.1" 200 -
2025-11-07 11:13:35,063 - INFO - Search request: 'neural networks', mode: dense, topk: 2, snippets: True
2025-11-07 11:13:35,189 - INFO - [Server] "POST /search HTTP/1.1" 200 -
2025-11-07 11:13:39,907 - INFO - Search request: 'neural networks', mode: dense, topk: 2, snippets: True
2025-11-07 11:13:39,935 - INFO - [Server] "POST /search HTTP/1.1" 200 -
2025-11-07 11:13:44,583 - INFO - Search request: 'machine learning', mode: hybrid, topk: 3, snippets: True
2025-11-07 11:13:44,583 - INFO - Searching for terms: ['machine', 'learning'] (OR mode)
2025-11-07 11:13:45,331 - INFO - Hybrid search: BM25 generated 1000 candidates
2025-11-07 11:13:45,569 - INFO - Hybrid search: Re-ranked to 3 final results
2025-11-07 11:13:45,570 - INFO - [Server] "POST /search HTTP/1.1" 200 -
2025-11-07 11:13:50,159 - INFO - Search request: 'python programming', mode: bm25, topk: 3, snippets: True
2025-11-07 11:13:50,168 - WARNING - C++ BM25 failed: [Errno 2] No such file or directory: './QueryProcessing', using Python BM25
2025-11-07 11:13:50,168 - INFO - Searching for terms: ['python', 'programming'] (AND mode)
2025-11-07 11:13:50,170 - INFO - [Server] "POST /search HTTP/1.1" 200 -
2025-11-07 11:13:54,951 - INFO - Search request: 'python programming', mode: bm25, topk: 3, snippets: True
2025-11-07 11:13:54,958 - WARNING - C++ BM25 failed: [Errno 2] No such file or directory: './QueryProcessing', using Python BM25
2025-11-07 11:13:54,958 - INFO - Searching for terms: ['python', 'programming'] (OR mode)
2025-11-07 11:13:54,984 - INFO - [Server] "POST /search HTTP/1.1" 200 -
2025-11-07 11:14:16,516 - INFO - Search request: 'machine learning neural', mode: bm25, topk: 3, snippets: True
2025-11-07 11:14:16,521 - WARNING - C++ BM25 failed: [Errno 2] No such file or directory: './QueryProcessing', using Python BM25
2025-11-07 11:14:16,521 - INFO - Searching for terms: ['machine', 'learning', 'neural'] (AND mode)
2025-11-07 11:14:16,524 - INFO - [Server] "POST /search HTTP/1.1" 200 -
2025-11-07 11:14:16,540 - INFO - Search request: 'machine learning neural', mode: bm25, topk: 3, snippets: True
2025-11-07 11:14:16,544 - WARNING - C++ BM25 failed: [Errno 2] No such file or directory: './QueryProcessing', using Python BM25
2025-11-07 11:14:16,545 - INFO - Searching for terms: ['machine', 'learning', 'neural'] (OR mode)
2025-11-07 11:14:18,095 - INFO - [Server] "POST /search HTTP/1.1" 200 -
2025-11-07 11:14:23,542 - INFO - [Server] "GET /?id=34edeb25-16cd-4855-97b0-9fbb365a277f&vscodeBrowserReqId=1762532063538 HTTP/1.1" 404 -
2025-11-07 11:14:31,165 - INFO - [Server] "GET / HTTP/1.1" 200 -
2025-11-07 11:14:31,535 - INFO - [Server] "GET /favicon.ico HTTP/1.1" 404 -
2025-11-07 11:14:40,098 - INFO - Search request: 'cat dog', mode: bm25, topk: 10, snippets: True
2025-11-07 11:14:40,125 - WARNING - C++ BM25 failed: [Errno 2] No such file or directory: './QueryProcessing', using Python BM25
2025-11-07 11:14:40,125 - INFO - Searching for terms: ['cat', 'dog'] (OR mode)
2025-11-07 11:14:40,714 - INFO - [Server] "POST /search HTTP/1.1" 200 -
2025-11-07 11:14:49,063 - INFO - Search request: 'cat dog', mode: bm25, topk: 10, snippets: True
2025-11-07 11:14:49,083 - WARNING - C++ BM25 failed: [Errno 2] No such file or directory: './QueryProcessing', using Python BM25
2025-11-07 11:14:49,083 - INFO - Searching for terms: ['cat', 'dog'] (AND mode)
2025-11-07 11:14:49,122 - INFO - [Server] "POST /search HTTP/1.1" 200 -
2025-11-07 11:14:52,579 - INFO - Search request: 'cat dog', mode: bm25, topk: 10, snippets: True
2025-11-07 11:14:52,596 - WARNING - C++ BM25 failed: [Errno 2] No such file or directory: './QueryProcessing', using Python BM25
2025-11-07 11:14:52,596 - INFO - Searching for terms: ['cat', 'dog'] (OR mode)
2025-11-07 11:14:53,223 - INFO - [Server] "POST /search HTTP/1.1" 200 -
2025-11-07 11:14:56,114 - INFO - Search request: 'cat dog', mode: bm25, topk: 10, snippets: True
2025-11-07 11:14:56,131 - WARNING - C++ BM25 failed: [Errno 2] No such file or directory: './QueryProcessing', using Python BM25
2025-11-07 11:14:56,131 - INFO - Searching for terms: ['cat', 'dog'] (AND mode)
2025-11-07 11:14:56,166 - INFO - [Server] "POST /search HTTP/1.1" 200 -
2025-11-07 11:15:02,022 - INFO - Search request: 'cat dog', mode: dense, topk: 10, snippets: True
2025-11-07 11:15:02,189 - INFO - [Server] "POST /search HTTP/1.1" 200 -
2025-11-07 11:15:07,321 - INFO - Search request: 'cat dog', mode: hybrid, topk: 10, snippets: True
2025-11-07 11:15:07,321 - INFO - Searching for terms: ['cat', 'dog'] (AND mode)
2025-11-07 11:15:07,363 - INFO - Hybrid search: BM25 generated 350 candidates
2025-11-07 11:15:07,684 - INFO - Hybrid search: Re-ranked to 10 final results
2025-11-07 11:15:07,684 - INFO - [Server] "POST /search HTTP/1.1" 200 -
2025-11-07 11:15:14,678 - INFO - Search request: 'cat dog', mode: compare, topk: 10, snippets: True
2025-11-07 11:15:14,678 - INFO - Searching for terms: ['cat', 'dog'] (AND mode)
2025-11-07 11:15:14,749 - INFO - [Server] "POST /search HTTP/1.1" 200 -
2025-11-07 11:16:10,452 - INFO - Search request: 'cat dog', mode: bm25, topk: 5, snippets: True
2025-11-07 11:16:10,458 - WARNING - C++ BM25 failed: [Errno 2] No such file or directory: './QueryProcessing', using Python BM25
2025-11-07 11:16:10,458 - INFO - Searching for terms: ['cat', 'dog'] (AND mode)
2025-11-07 11:16:10,490 - INFO - [Server] "POST /search HTTP/1.1" 200 -
2025-11-07 11:16:14,282 - INFO - [Server] "GET / HTTP/1.1" 200 -
2025-11-07 11:16:18,992 - INFO - Search request: 'cat dog', mode: bm25, topk: 5, snippets: True
2025-11-07 11:16:18,999 - WARNING - C++ BM25 failed: [Errno 2] No such file or directory: './QueryProcessing', using Python BM25
2025-11-07 11:16:18,999 - INFO - Searching for terms: ['cat', 'dog'] (AND mode)
2025-11-07 11:16:19,020 - INFO - [Server] "POST /search HTTP/1.1" 200 -
2025-11-07 11:16:23,244 - INFO - Search request: 'cat dog', mode: bm25, topk: 5, snippets: True
2025-11-07 11:16:23,249 - WARNING - C++ BM25 failed: [Errno 2] No such file or directory: './QueryProcessing', using Python BM25
2025-11-07 11:16:23,250 - INFO - Searching for terms: ['cat', 'dog'] (OR mode)
2025-11-07 11:16:23,807 - INFO - [Server] "POST /search HTTP/1.1" 200 -
2025-11-07 11:16:50,950 - INFO - Search request: 'python java', mode: bm25, topk: 3, snippets: True
2025-11-07 11:16:50,957 - WARNING - C++ BM25 failed: [Errno 2] No such file or directory: './QueryProcessing', using Python BM25
2025-11-07 11:16:50,957 - INFO - Searching for terms: ['python', 'java'] (AND mode)
2025-11-07 11:16:50,961 - INFO - [Server] "POST /search HTTP/1.1" 200 -
2025-11-07 11:16:50,982 - INFO - Search request: 'python java', mode: bm25, topk: 3, snippets: True
2025-11-07 11:16:50,987 - WARNING - C++ BM25 failed: [Errno 2] No such file or directory: './QueryProcessing', using Python BM25
2025-11-07 11:16:50,987 - INFO - Searching for terms: ['python', 'java'] (OR mode)
2025-11-07 11:16:51,002 - INFO - [Server] "POST /search HTTP/1.1" 200 -
2025-11-07 11:17:41,134 - INFO - Search request: 'elephant quantum', mode: bm25, topk: 3, snippets: True
2025-11-07 11:17:41,140 - WARNING - C++ BM25 failed: [Errno 2] No such file or directory: './QueryProcessing', using Python BM25
2025-11-07 11:17:41,141 - INFO - Searching for terms: ['elephant', 'quantum'] (AND mode)
2025-11-07 11:17:41,142 - INFO - [Server] "POST /search HTTP/1.1" 200 -
2025-11-07 11:17:41,160 - INFO - Search request: 'elephant quantum', mode: bm25, topk: 3, snippets: True
2025-11-07 11:17:41,166 - WARNING - C++ BM25 failed: [Errno 2] No such file or directory: './QueryProcessing', using Python BM25
2025-11-07 11:17:41,167 - INFO - Searching for terms: ['elephant', 'quantum'] (OR mode)
2025-11-07 11:17:41,175 - INFO - [Server] "POST /search HTTP/1.1" 200 -
2025-11-07 11:42:17,935 - INFO - Loading BM25 index...
2025-11-07 11:42:23,670 - INFO - BM25 index loaded: 1000000 documents
2025-11-07 11:42:23,671 - INFO - Loading FAISS index...
2025-11-07 11:42:24,455 - INFO - FAISS index loaded: 1000000 vectors
2025-11-07 11:42:24,455 - INFO - Loading embeddings for query encoding...
2025-11-07 11:42:25,246 - INFO - Embeddings loaded: (1000000, 384)
2025-11-07 11:42:56,540 - INFO - [Server] "GET / HTTP/1.1" 200 -
2025-11-07 11:42:56,729 - INFO - [Server] "GET /favicon.ico HTTP/1.1" 404 -
2025-11-07 11:45:26,468 - INFO - [Server] "GET / HTTP/1.1" 200 -
2025-11-07 11:45:26,513 - INFO - [Server] "GET /favicon.ico HTTP/1.1" 404 -
2025-11-07 11:45:37,091 - INFO - Search request: 'elephant quantum', mode: bm25, topk: 10, snippets: True
2025-11-07 11:45:37,110 - WARNING - C++ BM25 failed: [Errno 2] No such file or directory: './QueryProcessing', using Python BM25
2025-11-07 11:45:37,112 - INFO - Searching for terms: ['elephant', 'quantum'] (OR mode)
2025-11-07 11:45:37,149 - INFO - [Server] "POST /search HTTP/1.1" 200 -
2025-11-07 11:45:43,628 - INFO - Search request: 'elephant quantum', mode: bm25, topk: 10, snippets: True
2025-11-07 11:45:43,645 - WARNING - C++ BM25 failed: [Errno 2] No such file or directory: './QueryProcessing', using Python BM25
2025-11-07 11:45:43,646 - INFO - Searching for terms: ['elephant', 'quantum'] (AND mode)
2025-11-07 11:45:43,647 - INFO - [Server] "POST /search HTTP/1.1" 200 -
2025-11-07 11:45:46,926 - INFO - Search request: 'elephant quantum', mode: dense, topk: 10, snippets: True
2025-11-07 11:45:47,262 - INFO - [Server] "POST /search HTTP/1.1" 200 -
2025-11-07 11:50:17,235 - INFO - [Server] "GET / HTTP/1.1" 200 -
2025-11-07 11:50:17,327 - INFO - [Server] "GET /favicon.ico HTTP/1.1" 404 -
2025-11-07 11:50:51,481 - INFO - [Server] "GET /.well-known/appspecific/com.chrome.devtools.json HTTP/1.1" 404 -
2025-11-07 11:51:39,836 - INFO - [Server] "GET / HTTP/1.1" 200 -
2025-11-07 11:51:39,949 - INFO - [Server] "GET /favicon.ico HTTP/1.1" 404 -
