2025-11-04 15:29:40,784 - INFO - ======================================================================
2025-11-04 15:29:40,784 - INFO - ASSIGNMENT #3 EXPERIMENTAL TESTING
2025-11-04 15:29:40,784 - INFO - ======================================================================
2025-11-04 15:29:40,784 - INFO - Project Root: /Users/vigneshshanmugasundaram/Code/github/Search-Engine
2025-11-04 15:29:40,784 - INFO - Timestamp: 2025-11-04 15:29:40
2025-11-04 15:29:40,784 - INFO - ======================================================================
2025-11-04 15:29:40,784 - INFO - SYSTEM REQUIREMENTS CHECK
2025-11-04 15:29:40,784 - INFO - ======================================================================
2025-11-04 15:29:40,784 - INFO - 
BM25 System:
2025-11-04 15:29:40,784 - INFO - ✓ BM25 Index: /Users/vigneshshanmugasundaram/Code/github/Search-Engine/bm25/bm25_subset_index.pkl (694.9 MB)
2025-11-04 15:29:40,784 - INFO - 
Dense Vector System:
2025-11-04 15:29:40,784 - INFO - ✓ FAISS HNSW Index: /Users/vigneshshanmugasundaram/Code/github/Search-Engine/dense/faiss_hnsw_index.bin (1724.4 MB)
2025-11-04 15:29:40,784 - INFO - ✓ FAISS IVF Index: /Users/vigneshshanmugasundaram/Code/github/Search-Engine/dense/faiss_ivf_index.bin (1473.9 MB)
2025-11-04 15:29:40,784 - INFO - ✓ Passage IDs: /Users/vigneshshanmugasundaram/Code/github/Search-Engine/dense/passage_ids.pkl (26.7 MB)
2025-11-04 15:29:40,784 - INFO - 
Data Files:
2025-11-04 15:29:40,784 - INFO - ✓ Passage Embeddings: /Users/vigneshshanmugasundaram/Code/github/Search-Engine/data/ms_marco/msmarco_passages_embeddings_subset.h5 (770.6 MB)
2025-11-04 15:29:40,784 - INFO - ✓ Query Embeddings: /Users/vigneshshanmugasundaram/Code/github/Search-Engine/data/ms_marco/msmarco_queries_dev_eval_embeddings.h5 (156.4 MB)
2025-11-04 15:29:40,784 - INFO - ✓ Passage Subset TSV: /Users/vigneshshanmugasundaram/Code/github/Search-Engine/data/ms_marco/msmarco_passages_subset.tsv (7.5 MB)
2025-11-04 15:29:40,784 - INFO - 
Qrels Files:
2025-11-04 15:29:40,784 - INFO - ✓ Qrels Dev: /Users/vigneshshanmugasundaram/Code/github/Search-Engine/data/ms_marco/qrels.dev.tsv (19.1 KB)
2025-11-04 15:29:40,784 - INFO - ✓ Qrels Eval One: /Users/vigneshshanmugasundaram/Code/github/Search-Engine/data/ms_marco/qrels.eval.one.tsv (182.7 KB)
2025-11-04 15:29:40,784 - INFO - ✓ Qrels Eval Two: /Users/vigneshshanmugasundaram/Code/github/Search-Engine/data/ms_marco/qrels.eval.two.tsv (224.6 KB)
2025-11-04 15:29:40,784 - INFO - 
Query Text Files (optional for BM25):
2025-11-04 15:29:40,784 - INFO - ✗ Queries Dev: /Users/vigneshshanmugasundaram/Code/github/Search-Engine/data/ms_marco/queries.dev.tsv
2025-11-04 15:29:40,784 - INFO - ✗ Queries Eval: /Users/vigneshshanmugasundaram/Code/github/Search-Engine/data/ms_marco/queries.eval.tsv
2025-11-04 15:29:40,784 - INFO - 
Python Dependencies:
2025-11-04 15:29:40,842 - INFO - ✓ NumPy
2025-11-04 15:29:40,851 - INFO - Loading faiss.
2025-11-04 15:29:40,885 - INFO - Successfully loaded faiss.
2025-11-04 15:29:40,890 - INFO - ✓ FAISS
2025-11-04 15:29:40,946 - INFO - ✓ H5Py
2025-11-04 15:29:40,946 - INFO - 
Evaluation Tools:
2025-11-04 15:29:45,947 - INFO - ======================================================================
2025-11-04 15:29:45,947 - INFO - ASSIGNMENT #3 EXPERIMENTAL TESTING
2025-11-04 15:29:45,947 - INFO - ======================================================================
2025-11-04 15:29:45,947 - INFO - Project Root: /Users/vigneshshanmugasundaram/Code/github/Search-Engine
2025-11-04 15:29:45,947 - INFO - Timestamp: 2025-11-04 15:29:45
2025-11-04 15:29:45,947 - INFO - ======================================================================
2025-11-04 15:29:45,947 - INFO - SYSTEM REQUIREMENTS CHECK
2025-11-04 15:29:45,947 - INFO - ======================================================================
2025-11-04 15:29:45,947 - INFO - 
BM25 System:
2025-11-04 15:29:45,947 - INFO - ✓ BM25 Index: /Users/vigneshshanmugasundaram/Code/github/Search-Engine/bm25/bm25_subset_index.pkl (694.9 MB)
2025-11-04 15:29:45,947 - INFO - 
Dense Vector System:
2025-11-04 15:29:45,947 - INFO - ✓ FAISS HNSW Index: /Users/vigneshshanmugasundaram/Code/github/Search-Engine/dense/faiss_hnsw_index.bin (1724.4 MB)
2025-11-04 15:29:45,947 - INFO - ✓ FAISS IVF Index: /Users/vigneshshanmugasundaram/Code/github/Search-Engine/dense/faiss_ivf_index.bin (1473.9 MB)
2025-11-04 15:29:45,947 - INFO - ✓ Passage IDs: /Users/vigneshshanmugasundaram/Code/github/Search-Engine/dense/passage_ids.pkl (26.7 MB)
2025-11-04 15:29:45,947 - INFO - 
Data Files:
2025-11-04 15:29:45,947 - INFO - ✓ Passage Embeddings: /Users/vigneshshanmugasundaram/Code/github/Search-Engine/data/ms_marco/msmarco_passages_embeddings_subset.h5 (770.6 MB)
2025-11-04 15:29:45,947 - INFO - ✓ Query Embeddings: /Users/vigneshshanmugasundaram/Code/github/Search-Engine/data/ms_marco/msmarco_queries_dev_eval_embeddings.h5 (156.4 MB)
2025-11-04 15:29:45,947 - INFO - ✓ Passage Subset TSV: /Users/vigneshshanmugasundaram/Code/github/Search-Engine/data/ms_marco/msmarco_passages_subset.tsv (7.5 MB)
2025-11-04 15:29:45,947 - INFO - 
Qrels Files:
2025-11-04 15:29:45,948 - INFO - ✓ Qrels Dev: /Users/vigneshshanmugasundaram/Code/github/Search-Engine/data/ms_marco/qrels.dev.tsv (19.1 KB)
2025-11-04 15:29:45,948 - INFO - ✓ Qrels Eval One: /Users/vigneshshanmugasundaram/Code/github/Search-Engine/data/ms_marco/qrels.eval.one.tsv (182.7 KB)
2025-11-04 15:29:45,948 - INFO - ✓ Qrels Eval Two: /Users/vigneshshanmugasundaram/Code/github/Search-Engine/data/ms_marco/qrels.eval.two.tsv (224.6 KB)
2025-11-04 15:29:45,948 - INFO - 
Query Text Files (optional for BM25):
2025-11-04 15:29:45,948 - INFO - ✗ Queries Dev: /Users/vigneshshanmugasundaram/Code/github/Search-Engine/data/ms_marco/queries.dev.tsv
2025-11-04 15:29:45,948 - INFO - ✗ Queries Eval: /Users/vigneshshanmugasundaram/Code/github/Search-Engine/data/ms_marco/queries.eval.tsv
2025-11-04 15:29:45,948 - INFO - 
Python Dependencies:
2025-11-04 15:29:45,973 - INFO - ✓ NumPy
2025-11-04 15:29:45,977 - INFO - Loading faiss.
2025-11-04 15:29:45,985 - INFO - Successfully loaded faiss.
2025-11-04 15:29:45,987 - INFO - ✓ FAISS
2025-11-04 15:29:46,015 - INFO - ✓ H5Py
2025-11-04 15:29:46,015 - INFO - 
Evaluation Tools:
2025-11-04 15:29:46,033 - WARNING - ✗ trec_eval not found (will use pytrec_eval fallback)
2025-11-04 15:29:46,033 - WARNING - ✗ pytrec_eval not available (will use internal evaluator)
2025-11-04 15:29:46,033 - INFO - 
======================================================================
2025-11-04 15:29:46,034 - INFO - ✓ All critical requirements met!
2025-11-04 15:29:46,034 - INFO - ======================================================================
2025-11-04 15:29:46,034 - INFO - 
======================================================================
2025-11-04 15:29:46,034 - INFO - TESTING SEARCH SYSTEMS
2025-11-04 15:29:46,034 - INFO - ======================================================================
2025-11-04 15:29:46,034 - INFO - 
[1] Testing BM25 System...
2025-11-04 15:29:46,034 - ERROR - ✗ Error testing search systems: Can't get attribute 'BM25Index' on <module '__main__' from '/Users/vigneshshanmugasundaram/Code/github/Search-Engine/run_experiments.py'>
2025-11-04 15:29:46,035 - ERROR - 
✗ Search systems test failed.
2025-11-04 15:29:55,588 - INFO - ======================================================================
2025-11-04 15:29:55,588 - INFO - ASSIGNMENT #3 EXPERIMENTAL TESTING
2025-11-04 15:29:55,588 - INFO - ======================================================================
2025-11-04 15:29:55,588 - INFO - Project Root: /Users/vigneshshanmugasundaram/Code/github/Search-Engine
2025-11-04 15:29:55,588 - INFO - Timestamp: 2025-11-04 15:29:55
2025-11-04 15:29:55,588 - INFO - ======================================================================
2025-11-04 15:29:55,588 - INFO - SYSTEM REQUIREMENTS CHECK
2025-11-04 15:29:55,588 - INFO - ======================================================================
2025-11-04 15:29:55,588 - INFO - 
BM25 System:
2025-11-04 15:29:55,588 - INFO - ✓ BM25 Index: /Users/vigneshshanmugasundaram/Code/github/Search-Engine/bm25/bm25_subset_index.pkl (694.9 MB)
2025-11-04 15:29:55,588 - INFO - 
Dense Vector System:
2025-11-04 15:29:55,588 - INFO - ✓ FAISS HNSW Index: /Users/vigneshshanmugasundaram/Code/github/Search-Engine/dense/faiss_hnsw_index.bin (1724.4 MB)
2025-11-04 15:29:55,588 - INFO - ✓ FAISS IVF Index: /Users/vigneshshanmugasundaram/Code/github/Search-Engine/dense/faiss_ivf_index.bin (1473.9 MB)
2025-11-04 15:29:55,588 - INFO - ✓ Passage IDs: /Users/vigneshshanmugasundaram/Code/github/Search-Engine/dense/passage_ids.pkl (26.7 MB)
2025-11-04 15:29:55,588 - INFO - 
Data Files:
2025-11-04 15:29:55,588 - INFO - ✓ Passage Embeddings: /Users/vigneshshanmugasundaram/Code/github/Search-Engine/data/ms_marco/msmarco_passages_embeddings_subset.h5 (770.6 MB)
2025-11-04 15:29:55,588 - INFO - ✓ Query Embeddings: /Users/vigneshshanmugasundaram/Code/github/Search-Engine/data/ms_marco/msmarco_queries_dev_eval_embeddings.h5 (156.4 MB)
2025-11-04 15:29:55,588 - INFO - ✓ Passage Subset TSV: /Users/vigneshshanmugasundaram/Code/github/Search-Engine/data/ms_marco/msmarco_passages_subset.tsv (7.5 MB)
2025-11-04 15:29:55,588 - INFO - 
Qrels Files:
2025-11-04 15:29:55,588 - INFO - ✓ Qrels Dev: /Users/vigneshshanmugasundaram/Code/github/Search-Engine/data/ms_marco/qrels.dev.tsv (19.1 KB)
2025-11-04 15:29:55,588 - INFO - ✓ Qrels Eval One: /Users/vigneshshanmugasundaram/Code/github/Search-Engine/data/ms_marco/qrels.eval.one.tsv (182.7 KB)
2025-11-04 15:29:55,588 - INFO - ✓ Qrels Eval Two: /Users/vigneshshanmugasundaram/Code/github/Search-Engine/data/ms_marco/qrels.eval.two.tsv (224.6 KB)
2025-11-04 15:29:55,588 - INFO - 
Query Text Files (optional for BM25):
2025-11-04 15:29:55,588 - INFO - ✗ Queries Dev: /Users/vigneshshanmugasundaram/Code/github/Search-Engine/data/ms_marco/queries.dev.tsv
2025-11-04 15:29:55,588 - INFO - ✗ Queries Eval: /Users/vigneshshanmugasundaram/Code/github/Search-Engine/data/ms_marco/queries.eval.tsv
2025-11-04 15:29:55,588 - INFO - 
Python Dependencies:
2025-11-04 15:29:55,614 - INFO - ✓ NumPy
2025-11-04 15:29:55,618 - INFO - Loading faiss.
2025-11-04 15:29:55,626 - INFO - Successfully loaded faiss.
2025-11-04 15:29:55,628 - INFO - ✓ FAISS
2025-11-04 15:29:55,655 - INFO - ✓ H5Py
2025-11-04 15:29:55,655 - INFO - 
Evaluation Tools:
2025-11-04 15:29:55,659 - WARNING - ✗ trec_eval not found (will use pytrec_eval fallback)
2025-11-04 15:29:55,659 - WARNING - ✗ pytrec_eval not available (will use internal evaluator)
2025-11-04 15:29:55,659 - INFO - 
======================================================================
2025-11-04 15:29:55,659 - INFO - ✓ All critical requirements met!
2025-11-04 15:29:55,659 - INFO - ======================================================================
2025-11-04 15:29:55,659 - INFO - 
======================================================================
2025-11-04 15:29:55,659 - INFO - TESTING SEARCH SYSTEMS
2025-11-04 15:29:55,659 - INFO - ======================================================================
2025-11-04 15:29:55,659 - INFO - 
[1] Testing BM25 System...
2025-11-04 15:30:04,917 - INFO - ✓ BM25 index loaded: 1000000 documents
2025-11-04 15:30:04,918 - INFO - 
[2] Testing Dense Vector System...
2025-11-04 15:30:05,996 - INFO - ✓ FAISS index loaded: 1000000 vectors
2025-11-04 15:30:05,997 - INFO -   - Type: HNSW
2025-11-04 15:30:05,999 - ERROR - ✗ Error testing search systems: 'HNSW' object has no attribute 'M'
2025-11-04 15:30:08,043 - ERROR - 
✗ Search systems test failed.
2025-11-04 15:30:28,233 - INFO - ======================================================================
2025-11-04 15:30:28,233 - INFO - ASSIGNMENT #3 EXPERIMENTAL TESTING
2025-11-04 15:30:28,233 - INFO - ======================================================================
2025-11-04 15:30:28,233 - INFO - Project Root: /Users/vigneshshanmugasundaram/Code/github/Search-Engine
2025-11-04 15:30:28,233 - INFO - Timestamp: 2025-11-04 15:30:28
2025-11-04 15:30:28,233 - INFO - ======================================================================
2025-11-04 15:30:28,233 - INFO - SYSTEM REQUIREMENTS CHECK
2025-11-04 15:30:28,233 - INFO - ======================================================================
2025-11-04 15:30:28,233 - INFO - 
BM25 System:
2025-11-04 15:30:28,233 - INFO - ✓ BM25 Index: /Users/vigneshshanmugasundaram/Code/github/Search-Engine/bm25/bm25_subset_index.pkl (694.9 MB)
2025-11-04 15:30:28,233 - INFO - 
Dense Vector System:
2025-11-04 15:30:28,233 - INFO - ✓ FAISS HNSW Index: /Users/vigneshshanmugasundaram/Code/github/Search-Engine/dense/faiss_hnsw_index.bin (1724.4 MB)
2025-11-04 15:30:28,234 - INFO - ✓ FAISS IVF Index: /Users/vigneshshanmugasundaram/Code/github/Search-Engine/dense/faiss_ivf_index.bin (1473.9 MB)
2025-11-04 15:30:28,234 - INFO - ✓ Passage IDs: /Users/vigneshshanmugasundaram/Code/github/Search-Engine/dense/passage_ids.pkl (26.7 MB)
2025-11-04 15:30:28,234 - INFO - 
Data Files:
2025-11-04 15:30:28,234 - INFO - ✓ Passage Embeddings: /Users/vigneshshanmugasundaram/Code/github/Search-Engine/data/ms_marco/msmarco_passages_embeddings_subset.h5 (770.6 MB)
2025-11-04 15:30:28,234 - INFO - ✓ Query Embeddings: /Users/vigneshshanmugasundaram/Code/github/Search-Engine/data/ms_marco/msmarco_queries_dev_eval_embeddings.h5 (156.4 MB)
2025-11-04 15:30:28,234 - INFO - ✓ Passage Subset TSV: /Users/vigneshshanmugasundaram/Code/github/Search-Engine/data/ms_marco/msmarco_passages_subset.tsv (7.5 MB)
2025-11-04 15:30:28,234 - INFO - 
Qrels Files:
2025-11-04 15:30:28,234 - INFO - ✓ Qrels Dev: /Users/vigneshshanmugasundaram/Code/github/Search-Engine/data/ms_marco/qrels.dev.tsv (19.1 KB)
2025-11-04 15:30:28,234 - INFO - ✓ Qrels Eval One: /Users/vigneshshanmugasundaram/Code/github/Search-Engine/data/ms_marco/qrels.eval.one.tsv (182.7 KB)
2025-11-04 15:30:28,234 - INFO - ✓ Qrels Eval Two: /Users/vigneshshanmugasundaram/Code/github/Search-Engine/data/ms_marco/qrels.eval.two.tsv (224.6 KB)
2025-11-04 15:30:28,234 - INFO - 
Query Text Files (optional for BM25):
2025-11-04 15:30:28,234 - INFO - ✗ Queries Dev: /Users/vigneshshanmugasundaram/Code/github/Search-Engine/data/ms_marco/queries.dev.tsv
2025-11-04 15:30:28,234 - INFO - ✗ Queries Eval: /Users/vigneshshanmugasundaram/Code/github/Search-Engine/data/ms_marco/queries.eval.tsv
2025-11-04 15:30:28,234 - INFO - 
Python Dependencies:
2025-11-04 15:30:28,285 - INFO - ✓ NumPy
2025-11-04 15:30:28,295 - INFO - Loading faiss.
2025-11-04 15:30:28,347 - INFO - Successfully loaded faiss.
2025-11-04 15:30:28,352 - INFO - ✓ FAISS
2025-11-04 15:30:28,397 - INFO - ✓ H5Py
2025-11-04 15:30:28,397 - INFO - 
Evaluation Tools:
2025-11-04 15:30:28,402 - WARNING - ✗ trec_eval not found (will use pytrec_eval fallback)
2025-11-04 15:30:28,402 - WARNING - ✗ pytrec_eval not available (will use internal evaluator)
2025-11-04 15:30:28,402 - INFO - 
======================================================================
2025-11-04 15:30:28,402 - INFO - ✓ All critical requirements met!
2025-11-04 15:30:28,402 - INFO - ======================================================================
2025-11-04 15:30:28,402 - INFO - 
======================================================================
2025-11-04 15:30:28,402 - INFO - TESTING SEARCH SYSTEMS
2025-11-04 15:30:28,402 - INFO - ======================================================================
2025-11-04 15:30:28,402 - INFO - 
[1] Testing BM25 System...
2025-11-04 15:30:36,436 - INFO - ✓ BM25 index loaded: 1000000 documents
2025-11-04 15:30:36,437 - INFO - 
[2] Testing Dense Vector System...
2025-11-04 15:30:37,534 - INFO - ✓ FAISS index loaded: 1000000 vectors
2025-11-04 15:30:37,535 - INFO -   - Type: HNSW
2025-11-04 15:30:37,535 - INFO -   - efConstruction: 200
2025-11-04 15:30:37,535 - INFO -   - efSearch: 16
2025-11-04 15:30:37,535 - INFO - 
[3] Testing Query Embeddings...
2025-11-04 15:30:37,587 - INFO - ✓ Query embeddings loaded: 202185 queries
2025-11-04 15:30:37,588 - INFO -   - Sample IDs: ["b'786436'", "b'9'", "b'786450'", "b'524308'", "b'33'"]
2025-11-04 15:30:37,588 - INFO -   - Embedding shape: (10, 384)
2025-11-04 15:30:37,588 - INFO -   - Embedding dtype: float16
2025-11-04 15:30:37,588 - INFO - 
======================================================================
2025-11-04 15:30:37,588 - INFO - ✓ Search systems test completed
2025-11-04 15:30:37,588 - INFO - ======================================================================
2025-11-04 15:30:39,920 - INFO - 
======================================================================
2025-11-04 15:30:39,921 - INFO - Skipping evaluation run.
2025-11-04 15:30:39,921 - INFO - 
======================================================================
2025-11-04 15:30:39,921 - INFO - CHECKING EVALUATION RESULTS
2025-11-04 15:30:39,921 - INFO - ======================================================================
2025-11-04 15:30:39,921 - INFO - 
TREC Run Files:
2025-11-04 15:30:39,921 - INFO - ✗ bm25.trec: 0 lines
2025-11-04 15:30:40,888 - INFO - ✓ dense.trec: 20,218,500 lines
2025-11-04 15:30:40,888 - INFO - ✗ rerank.trec: 0 lines
2025-11-04 15:30:40,888 - INFO - 
Evaluation Output Files:
2025-11-04 15:30:40,889 - INFO - ✗ bm25.dev.txt: /Users/vigneshshanmugasundaram/Code/github/Search-Engine/eval/bm25.dev.txt
2025-11-04 15:30:40,889 - INFO - ✗ dense.dev.txt: /Users/vigneshshanmugasundaram/Code/github/Search-Engine/eval/dense.dev.txt
2025-11-04 15:30:40,889 - INFO - ✗ rerank.dev.txt: /Users/vigneshshanmugasundaram/Code/github/Search-Engine/eval/rerank.dev.txt
2025-11-04 15:30:40,889 - INFO - ✗ bm25.eval1.txt: /Users/vigneshshanmugasundaram/Code/github/Search-Engine/eval/bm25.eval1.txt
2025-11-04 15:30:40,889 - INFO - ✗ dense.eval1.txt: /Users/vigneshshanmugasundaram/Code/github/Search-Engine/eval/dense.eval1.txt
2025-11-04 15:30:40,889 - INFO - ✗ rerank.eval1.txt: /Users/vigneshshanmugasundaram/Code/github/Search-Engine/eval/rerank.eval1.txt
2025-11-04 15:30:40,889 - INFO - ✗ bm25.eval2.txt: /Users/vigneshshanmugasundaram/Code/github/Search-Engine/eval/bm25.eval2.txt
2025-11-04 15:30:40,889 - INFO - ✗ dense.eval2.txt: /Users/vigneshshanmugasundaram/Code/github/Search-Engine/eval/dense.eval2.txt
2025-11-04 15:30:40,889 - INFO - ✗ rerank.eval2.txt: /Users/vigneshshanmugasundaram/Code/github/Search-Engine/eval/rerank.eval2.txt
2025-11-04 15:30:40,889 - INFO - 
======================================================================
2025-11-04 15:30:40,889 - INFO - EXPERIMENTAL TESTING COMPLETE
2025-11-04 15:30:40,889 - INFO - ======================================================================
2025-11-04 15:30:40,889 - INFO - 
Summary:
2025-11-04 15:30:40,889 - INFO - 1. System Requirements: Checked
2025-11-04 15:30:40,889 - INFO - 2. Search Systems: Tested
2025-11-04 15:30:40,889 - INFO - 3. Evaluation: Run (if selected)
2025-11-04 15:30:40,889 - INFO - 4. Results: Checked
2025-11-04 15:30:40,889 - INFO - 
Next steps:
2025-11-04 15:30:40,889 - INFO - - Review evaluation results in eval/ directory
2025-11-04 15:30:40,889 - INFO - - Compare metrics across systems (BM25, Dense, Rerank)
2025-11-04 15:30:40,889 - INFO - - Generate report with trade-offs analysis
2025-11-04 15:31:22,374 - INFO - ======================================================================
2025-11-04 15:31:22,374 - INFO - ASSIGNMENT #3 EXPERIMENTAL TESTING
2025-11-04 15:31:22,374 - INFO - ======================================================================
2025-11-04 15:31:22,374 - INFO - Project Root: /Users/vigneshshanmugasundaram/Code/github/Search-Engine
2025-11-04 15:31:22,374 - INFO - Timestamp: 2025-11-04 15:31:22
2025-11-04 15:31:22,375 - INFO - ======================================================================
2025-11-04 15:31:22,375 - INFO - SYSTEM REQUIREMENTS CHECK
2025-11-04 15:31:22,375 - INFO - ======================================================================
2025-11-04 15:31:22,375 - INFO - 
BM25 System:
2025-11-04 15:31:22,375 - INFO - ✓ BM25 Index: /Users/vigneshshanmugasundaram/Code/github/Search-Engine/bm25/bm25_subset_index.pkl (694.9 MB)
2025-11-04 15:31:22,375 - INFO - 
Dense Vector System:
2025-11-04 15:31:22,375 - INFO - ✓ FAISS HNSW Index: /Users/vigneshshanmugasundaram/Code/github/Search-Engine/dense/faiss_hnsw_index.bin (1724.4 MB)
2025-11-04 15:31:22,375 - INFO - ✓ FAISS IVF Index: /Users/vigneshshanmugasundaram/Code/github/Search-Engine/dense/faiss_ivf_index.bin (1473.9 MB)
2025-11-04 15:31:22,375 - INFO - ✓ Passage IDs: /Users/vigneshshanmugasundaram/Code/github/Search-Engine/dense/passage_ids.pkl (26.7 MB)
2025-11-04 15:31:22,375 - INFO - 
Data Files:
2025-11-04 15:31:22,375 - INFO - ✓ Passage Embeddings: /Users/vigneshshanmugasundaram/Code/github/Search-Engine/data/ms_marco/msmarco_passages_embeddings_subset.h5 (770.6 MB)
2025-11-04 15:31:22,375 - INFO - ✓ Query Embeddings: /Users/vigneshshanmugasundaram/Code/github/Search-Engine/data/ms_marco/msmarco_queries_dev_eval_embeddings.h5 (156.4 MB)
2025-11-04 15:31:22,375 - INFO - ✓ Passage Subset TSV: /Users/vigneshshanmugasundaram/Code/github/Search-Engine/data/ms_marco/msmarco_passages_subset.tsv (7.5 MB)
2025-11-04 15:31:22,375 - INFO - 
Qrels Files:
2025-11-04 15:31:22,375 - INFO - ✓ Qrels Dev: /Users/vigneshshanmugasundaram/Code/github/Search-Engine/data/ms_marco/qrels.dev.tsv (19.1 KB)
2025-11-04 15:31:22,375 - INFO - ✓ Qrels Eval One: /Users/vigneshshanmugasundaram/Code/github/Search-Engine/data/ms_marco/qrels.eval.one.tsv (182.7 KB)
2025-11-04 15:31:22,375 - INFO - ✓ Qrels Eval Two: /Users/vigneshshanmugasundaram/Code/github/Search-Engine/data/ms_marco/qrels.eval.two.tsv (224.6 KB)
2025-11-04 15:31:22,375 - INFO - 
Query Text Files (optional for BM25):
2025-11-04 15:31:22,375 - INFO - ✗ Queries Dev: /Users/vigneshshanmugasundaram/Code/github/Search-Engine/data/ms_marco/queries.dev.tsv
2025-11-04 15:31:22,375 - INFO - ✗ Queries Eval: /Users/vigneshshanmugasundaram/Code/github/Search-Engine/data/ms_marco/queries.eval.tsv
2025-11-04 15:31:22,375 - INFO - 
Python Dependencies:
2025-11-04 15:31:22,499 - INFO - ✓ NumPy
2025-11-04 15:31:22,507 - INFO - Loading faiss.
2025-11-04 15:31:22,519 - INFO - Successfully loaded faiss.
2025-11-04 15:31:22,523 - INFO - ✓ FAISS
2025-11-04 15:31:22,564 - INFO - ✓ H5Py
2025-11-04 15:31:22,564 - INFO - 
Evaluation Tools:
2025-11-04 15:31:22,569 - WARNING - ✗ trec_eval not found (will use pytrec_eval fallback)
2025-11-04 15:31:22,569 - WARNING - ✗ pytrec_eval not available (will use internal evaluator)
2025-11-04 15:31:22,569 - INFO - 
======================================================================
2025-11-04 15:31:22,569 - INFO - ✓ All critical requirements met!
2025-11-04 15:31:22,569 - INFO - ======================================================================
2025-11-04 15:31:22,569 - INFO - 
======================================================================
2025-11-04 15:31:22,569 - INFO - TESTING SEARCH SYSTEMS
2025-11-04 15:31:22,569 - INFO - ======================================================================
2025-11-04 15:31:22,569 - INFO - 
[1] Testing BM25 System...
2025-11-04 15:31:28,989 - INFO - ✓ BM25 index loaded: 1000000 documents
2025-11-04 15:31:28,990 - INFO - 
[2] Testing Dense Vector System...
2025-11-04 15:31:29,908 - INFO - ✓ FAISS index loaded: 1000000 vectors
2025-11-04 15:31:29,909 - INFO -   - Type: HNSW
2025-11-04 15:31:29,910 - INFO -   - efConstruction: 200
2025-11-04 15:31:29,910 - INFO -   - efSearch: 16
2025-11-04 15:31:29,910 - INFO - 
[3] Testing Query Embeddings...
2025-11-04 15:31:29,929 - INFO - ✓ Query embeddings loaded: 202185 queries
2025-11-04 15:31:29,929 - INFO -   - Sample IDs: ["b'786436'", "b'9'", "b'786450'", "b'524308'", "b'33'"]
2025-11-04 15:31:29,929 - INFO -   - Embedding shape: (10, 384)
2025-11-04 15:31:29,929 - INFO -   - Embedding dtype: float16
2025-11-04 15:31:29,930 - INFO - 
======================================================================
2025-11-04 15:31:29,930 - INFO - ✓ Search systems test completed
2025-11-04 15:31:29,930 - INFO - ======================================================================
2025-11-04 15:31:31,833 - INFO - 
======================================================================
2025-11-04 15:31:36,874 - INFO - 
======================================================================
2025-11-04 15:31:36,875 - INFO - RUNNING FULL EVALUATION
2025-11-04 15:31:36,875 - INFO - ======================================================================
2025-11-04 15:31:36,875 - INFO - Running: python3 /Users/vigneshshanmugasundaram/Code/github/Search-Engine/evaluate_runs.py
2025-11-04 15:37:25,682 - INFO - ✓ Evaluation completed successfully in 348.8s
2025-11-04 15:37:25,684 - INFO - 
Evaluation output:
2025-11-04 15:37:25,684 - INFO - 
2025-11-04 15:37:25,684 - INFO - 
======================================================================
2025-11-04 15:37:25,684 - INFO - CHECKING EVALUATION RESULTS
2025-11-04 15:37:25,684 - INFO - ======================================================================
2025-11-04 15:37:25,684 - INFO - 
TREC Run Files:
2025-11-04 15:37:25,688 - INFO - ✗ bm25.trec: 0 lines
2025-11-04 15:37:26,639 - INFO - ✓ dense.trec: 20,218,500 lines
2025-11-04 15:37:26,639 - INFO - ✗ rerank.trec: 0 lines
2025-11-04 15:37:26,639 - INFO - 
Evaluation Output Files:
2025-11-04 15:37:26,639 - INFO - ✗ bm25.dev.txt: /Users/vigneshshanmugasundaram/Code/github/Search-Engine/eval/bm25.dev.txt
2025-11-04 15:37:26,639 - INFO - ✗ dense.dev.txt: /Users/vigneshshanmugasundaram/Code/github/Search-Engine/eval/dense.dev.txt
2025-11-04 15:37:26,639 - INFO - ✗ rerank.dev.txt: /Users/vigneshshanmugasundaram/Code/github/Search-Engine/eval/rerank.dev.txt
2025-11-04 15:37:26,639 - INFO - ✗ bm25.eval1.txt: /Users/vigneshshanmugasundaram/Code/github/Search-Engine/eval/bm25.eval1.txt
2025-11-04 15:37:26,639 - INFO - ✗ dense.eval1.txt: /Users/vigneshshanmugasundaram/Code/github/Search-Engine/eval/dense.eval1.txt
2025-11-04 15:37:26,639 - INFO - ✗ rerank.eval1.txt: /Users/vigneshshanmugasundaram/Code/github/Search-Engine/eval/rerank.eval1.txt
2025-11-04 15:37:26,639 - INFO - ✗ bm25.eval2.txt: /Users/vigneshshanmugasundaram/Code/github/Search-Engine/eval/bm25.eval2.txt
2025-11-04 15:37:26,639 - INFO - ✗ dense.eval2.txt: /Users/vigneshshanmugasundaram/Code/github/Search-Engine/eval/dense.eval2.txt
2025-11-04 15:37:26,639 - INFO - ✗ rerank.eval2.txt: /Users/vigneshshanmugasundaram/Code/github/Search-Engine/eval/rerank.eval2.txt
2025-11-04 15:37:26,639 - INFO - 
======================================================================
2025-11-04 15:37:26,639 - INFO - EXPERIMENTAL TESTING COMPLETE
2025-11-04 15:37:26,639 - INFO - ======================================================================
2025-11-04 15:37:26,639 - INFO - 
Summary:
2025-11-04 15:37:26,639 - INFO - 1. System Requirements: Checked
2025-11-04 15:37:26,639 - INFO - 2. Search Systems: Tested
2025-11-04 15:37:26,639 - INFO - 3. Evaluation: Run (if selected)
2025-11-04 15:37:26,639 - INFO - 4. Results: Checked
2025-11-04 15:37:26,639 - INFO - 
Next steps:
2025-11-04 15:37:26,639 - INFO - - Review evaluation results in eval/ directory
2025-11-04 15:37:26,639 - INFO - - Compare metrics across systems (BM25, Dense, Rerank)
2025-11-04 15:37:26,639 - INFO - - Generate report with trade-offs analysis
2025-11-04 15:40:20,554 - INFO - ======================================================================
2025-11-04 15:40:20,554 - INFO - ASSIGNMENT #3 EXPERIMENTAL TESTING
2025-11-04 15:40:20,554 - INFO - ======================================================================
2025-11-04 15:40:20,554 - INFO - Project Root: /Users/vigneshshanmugasundaram/Code/github/Search-Engine
2025-11-04 15:40:20,554 - INFO - Timestamp: 2025-11-04 15:40:20
2025-11-04 15:40:20,554 - INFO - ======================================================================
2025-11-04 15:40:20,554 - INFO - SYSTEM REQUIREMENTS CHECK
2025-11-04 15:40:20,554 - INFO - ======================================================================
2025-11-04 15:40:20,554 - INFO - 
BM25 System:
2025-11-04 15:40:20,554 - INFO - ✓ BM25 Index: /Users/vigneshshanmugasundaram/Code/github/Search-Engine/bm25/bm25_subset_index.pkl (694.9 MB)
2025-11-04 15:40:20,554 - INFO - 
Dense Vector System:
2025-11-04 15:40:20,554 - INFO - ✓ FAISS HNSW Index: /Users/vigneshshanmugasundaram/Code/github/Search-Engine/dense/faiss_hnsw_index.bin (1724.4 MB)
2025-11-04 15:40:20,554 - INFO - ✓ FAISS IVF Index: /Users/vigneshshanmugasundaram/Code/github/Search-Engine/dense/faiss_ivf_index.bin (1473.9 MB)
2025-11-04 15:40:20,554 - INFO - ✓ Passage IDs: /Users/vigneshshanmugasundaram/Code/github/Search-Engine/dense/passage_ids.pkl (26.7 MB)
2025-11-04 15:40:20,554 - INFO - 
Data Files:
2025-11-04 15:40:20,554 - INFO - ✓ Passage Embeddings: /Users/vigneshshanmugasundaram/Code/github/Search-Engine/data/ms_marco/msmarco_passages_embeddings_subset.h5 (770.6 MB)
2025-11-04 15:40:20,554 - INFO - ✓ Query Embeddings: /Users/vigneshshanmugasundaram/Code/github/Search-Engine/data/ms_marco/msmarco_queries_dev_eval_embeddings.h5 (156.4 MB)
2025-11-04 15:40:20,554 - INFO - ✓ Passage Subset TSV: /Users/vigneshshanmugasundaram/Code/github/Search-Engine/data/ms_marco/msmarco_passages_subset.tsv (7.5 MB)
2025-11-04 15:40:20,554 - INFO - 
Qrels Files:
2025-11-04 15:40:20,554 - INFO - ✓ Qrels Dev: /Users/vigneshshanmugasundaram/Code/github/Search-Engine/data/ms_marco/qrels.dev.tsv (19.1 KB)
2025-11-04 15:40:20,554 - INFO - ✓ Qrels Eval One: /Users/vigneshshanmugasundaram/Code/github/Search-Engine/data/ms_marco/qrels.eval.one.tsv (182.7 KB)
2025-11-04 15:40:20,554 - INFO - ✓ Qrels Eval Two: /Users/vigneshshanmugasundaram/Code/github/Search-Engine/data/ms_marco/qrels.eval.two.tsv (224.6 KB)
2025-11-04 15:40:20,554 - INFO - 
Query Text Files (optional for BM25):
2025-11-04 15:40:20,554 - INFO - ✗ Queries Dev: /Users/vigneshshanmugasundaram/Code/github/Search-Engine/data/ms_marco/queries.dev.tsv
2025-11-04 15:40:20,554 - INFO - ✗ Queries Eval: /Users/vigneshshanmugasundaram/Code/github/Search-Engine/data/ms_marco/queries.eval.tsv
2025-11-04 15:40:20,554 - INFO - 
Python Dependencies:
2025-11-04 15:40:20,625 - INFO - ✓ NumPy
2025-11-04 15:40:20,632 - INFO - Loading faiss.
2025-11-04 15:40:20,652 - INFO - Successfully loaded faiss.
2025-11-04 15:40:20,656 - INFO - ✓ FAISS
2025-11-04 15:40:20,700 - INFO - ✓ H5Py
2025-11-04 15:40:20,700 - INFO - 
Evaluation Tools:
2025-11-04 15:40:20,706 - WARNING - ✗ trec_eval not found (will use pytrec_eval fallback)
2025-11-04 15:40:20,706 - WARNING - ✗ pytrec_eval not available (will use internal evaluator)
2025-11-04 15:40:20,706 - INFO - 
======================================================================
2025-11-04 15:40:20,706 - INFO - ✓ All critical requirements met!
2025-11-04 15:40:20,706 - INFO - ======================================================================
2025-11-04 15:40:20,706 - INFO - 
======================================================================
2025-11-04 15:40:20,706 - INFO - TESTING SEARCH SYSTEMS
2025-11-04 15:40:20,706 - INFO - ======================================================================
2025-11-04 15:40:20,706 - INFO - 
[1] Testing BM25 System...
2025-11-04 15:40:26,071 - INFO - ✓ BM25 index loaded: 1000000 documents
2025-11-04 15:40:26,071 - INFO - 
[2] Testing Dense Vector System...
2025-11-04 15:40:27,070 - INFO - ✓ FAISS index loaded: 1000000 vectors
2025-11-04 15:40:27,070 - INFO -   - Type: HNSW
2025-11-04 15:40:27,070 - INFO -   - efConstruction: 200
2025-11-04 15:40:27,071 - INFO -   - efSearch: 16
2025-11-04 15:40:27,071 - INFO - 
[3] Testing Query Embeddings...
2025-11-04 15:40:27,080 - INFO - ✓ Query embeddings loaded: 202185 queries
2025-11-04 15:40:27,080 - INFO -   - Sample IDs: ["b'786436'", "b'9'", "b'786450'", "b'524308'", "b'33'"]
2025-11-04 15:40:27,080 - INFO -   - Embedding shape: (10, 384)
2025-11-04 15:40:27,080 - INFO -   - Embedding dtype: float16
2025-11-04 15:40:27,080 - INFO - 
======================================================================
2025-11-04 15:40:27,080 - INFO - ✓ Search systems test completed
2025-11-04 15:40:27,080 - INFO - ======================================================================
2025-11-04 15:40:28,513 - INFO - 
======================================================================
2025-11-04 15:40:30,623 - INFO - 
======================================================================
2025-11-04 15:40:30,624 - INFO - RUNNING FULL EVALUATION
2025-11-04 15:40:30,624 - INFO - ======================================================================
2025-11-04 15:40:30,624 - INFO - Running: python3 /Users/vigneshshanmugasundaram/Code/github/Search-Engine/evaluate_runs.py
2025-11-04 15:45:59,059 - INFO - ✓ Evaluation completed successfully in 328.4s
2025-11-04 15:45:59,062 - INFO - 
Evaluation output:
2025-11-04 15:45:59,062 - INFO - 
2025-11-04 15:45:59,062 - INFO - 
======================================================================
2025-11-04 15:45:59,062 - INFO - CHECKING EVALUATION RESULTS
2025-11-04 15:45:59,062 - INFO - ======================================================================
2025-11-04 15:45:59,062 - INFO - 
TREC Run Files:
2025-11-04 15:45:59,065 - INFO - ✗ bm25.trec: 0 lines
2025-11-04 15:45:59,988 - INFO - ✓ dense.trec: 20,218,500 lines
2025-11-04 15:45:59,988 - INFO - ✗ rerank.trec: 0 lines
2025-11-04 15:45:59,988 - INFO - 
Evaluation Output Files:
2025-11-04 15:45:59,988 - INFO - ✗ bm25.dev.txt: /Users/vigneshshanmugasundaram/Code/github/Search-Engine/eval/bm25.dev.txt
2025-11-04 15:45:59,988 - INFO - ✗ dense.dev.txt: /Users/vigneshshanmugasundaram/Code/github/Search-Engine/eval/dense.dev.txt
2025-11-04 15:45:59,988 - INFO - ✗ rerank.dev.txt: /Users/vigneshshanmugasundaram/Code/github/Search-Engine/eval/rerank.dev.txt
2025-11-04 15:45:59,988 - INFO - ✗ bm25.eval1.txt: /Users/vigneshshanmugasundaram/Code/github/Search-Engine/eval/bm25.eval1.txt
2025-11-04 15:45:59,988 - INFO - ✗ dense.eval1.txt: /Users/vigneshshanmugasundaram/Code/github/Search-Engine/eval/dense.eval1.txt
2025-11-04 15:45:59,988 - INFO - ✗ rerank.eval1.txt: /Users/vigneshshanmugasundaram/Code/github/Search-Engine/eval/rerank.eval1.txt
2025-11-04 15:45:59,988 - INFO - ✗ bm25.eval2.txt: /Users/vigneshshanmugasundaram/Code/github/Search-Engine/eval/bm25.eval2.txt
2025-11-04 15:45:59,988 - INFO - ✗ dense.eval2.txt: /Users/vigneshshanmugasundaram/Code/github/Search-Engine/eval/dense.eval2.txt
2025-11-04 15:45:59,989 - INFO - ✗ rerank.eval2.txt: /Users/vigneshshanmugasundaram/Code/github/Search-Engine/eval/rerank.eval2.txt
2025-11-04 15:45:59,989 - INFO - 
======================================================================
2025-11-04 15:45:59,989 - INFO - EXPERIMENTAL TESTING COMPLETE
2025-11-04 15:45:59,989 - INFO - ======================================================================
2025-11-04 15:45:59,989 - INFO - 
Summary:
2025-11-04 15:45:59,989 - INFO - 1. System Requirements: Checked
2025-11-04 15:45:59,989 - INFO - 2. Search Systems: Tested
2025-11-04 15:45:59,989 - INFO - 3. Evaluation: Run (if selected)
2025-11-04 15:45:59,989 - INFO - 4. Results: Checked
2025-11-04 15:45:59,989 - INFO - 
Next steps:
2025-11-04 15:45:59,989 - INFO - - Review evaluation results in eval/ directory
2025-11-04 15:45:59,989 - INFO - - Compare metrics across systems (BM25, Dense, Rerank)
2025-11-04 15:45:59,989 - INFO - - Generate report with trade-offs analysis
2025-11-04 16:07:16,212 - INFO - ======================================================================
2025-11-04 16:07:16,213 - INFO - ASSIGNMENT #3 EXPERIMENTAL TESTING
2025-11-04 16:07:16,213 - INFO - ======================================================================
2025-11-04 16:07:16,213 - INFO - Project Root: /Users/vigneshshanmugasundaram/Code/github/Search-Engine
2025-11-04 16:07:16,213 - INFO - Timestamp: 2025-11-04 16:07:16
2025-11-04 16:07:16,213 - INFO - ======================================================================
2025-11-04 16:07:16,213 - INFO - SYSTEM REQUIREMENTS CHECK
2025-11-04 16:07:16,213 - INFO - ======================================================================
2025-11-04 16:07:16,213 - INFO - 
BM25 System:
2025-11-04 16:07:16,213 - INFO - ✓ BM25 Index: /Users/vigneshshanmugasundaram/Code/github/Search-Engine/bm25/bm25_subset_index.pkl (694.9 MB)
2025-11-04 16:07:16,213 - INFO - 
Dense Vector System:
2025-11-04 16:07:16,213 - INFO - ✓ FAISS HNSW Index: /Users/vigneshshanmugasundaram/Code/github/Search-Engine/dense/faiss_hnsw_index.bin (1724.4 MB)
2025-11-04 16:07:16,213 - INFO - ✓ FAISS IVF Index: /Users/vigneshshanmugasundaram/Code/github/Search-Engine/dense/faiss_ivf_index.bin (1473.9 MB)
2025-11-04 16:07:16,213 - INFO - ✓ Passage IDs: /Users/vigneshshanmugasundaram/Code/github/Search-Engine/dense/passage_ids.pkl (26.7 MB)
2025-11-04 16:07:16,213 - INFO - 
Data Files:
2025-11-04 16:07:16,213 - INFO - ✓ Passage Embeddings: /Users/vigneshshanmugasundaram/Code/github/Search-Engine/data/ms_marco/msmarco_passages_embeddings_subset.h5 (770.6 MB)
2025-11-04 16:07:16,213 - INFO - ✓ Query Embeddings: /Users/vigneshshanmugasundaram/Code/github/Search-Engine/data/ms_marco/msmarco_queries_dev_eval_embeddings.h5 (156.4 MB)
2025-11-04 16:07:16,213 - INFO - ✓ Passage Subset TSV: /Users/vigneshshanmugasundaram/Code/github/Search-Engine/data/ms_marco/msmarco_passages_subset.tsv (7.5 MB)
2025-11-04 16:07:16,213 - INFO - 
Qrels Files:
2025-11-04 16:07:16,213 - INFO - ✓ Qrels Dev: /Users/vigneshshanmugasundaram/Code/github/Search-Engine/data/ms_marco/qrels.dev.tsv (19.1 KB)
2025-11-04 16:07:16,213 - INFO - ✓ Qrels Eval One: /Users/vigneshshanmugasundaram/Code/github/Search-Engine/data/ms_marco/qrels.eval.one.tsv (182.7 KB)
2025-11-04 16:07:16,213 - INFO - ✓ Qrels Eval Two: /Users/vigneshshanmugasundaram/Code/github/Search-Engine/data/ms_marco/qrels.eval.two.tsv (224.6 KB)
2025-11-04 16:07:16,213 - INFO - 
Query Text Files (optional for BM25):
2025-11-04 16:07:16,214 - INFO - ✗ Queries Dev: /Users/vigneshshanmugasundaram/Code/github/Search-Engine/data/ms_marco/queries.dev.tsv
2025-11-04 16:07:16,214 - INFO - ✗ Queries Eval: /Users/vigneshshanmugasundaram/Code/github/Search-Engine/data/ms_marco/queries.eval.tsv
2025-11-04 16:07:16,214 - INFO - 
Python Dependencies:
2025-11-04 16:07:16,283 - INFO - ✓ NumPy
2025-11-04 16:07:16,291 - INFO - Loading faiss.
2025-11-04 16:07:16,310 - INFO - Successfully loaded faiss.
2025-11-04 16:07:16,314 - INFO - ✓ FAISS
2025-11-04 16:07:16,365 - INFO - ✓ H5Py
2025-11-04 16:07:16,365 - INFO - 
Evaluation Tools:
2025-11-04 16:07:16,371 - WARNING - ✗ trec_eval not found (will use pytrec_eval fallback)
2025-11-04 16:07:16,371 - WARNING - ✗ pytrec_eval not available (will use internal evaluator)
2025-11-04 16:07:16,371 - INFO - 
======================================================================
2025-11-04 16:07:16,371 - INFO - ✓ All critical requirements met!
2025-11-04 16:07:16,371 - INFO - ======================================================================
2025-11-04 16:07:16,371 - INFO - 
======================================================================
2025-11-04 16:07:16,371 - INFO - TESTING SEARCH SYSTEMS
2025-11-04 16:07:16,371 - INFO - ======================================================================
2025-11-04 16:07:16,371 - INFO - 
[1] Testing BM25 System...
2025-11-04 16:07:22,148 - INFO - ✓ BM25 index loaded: 1000000 documents
2025-11-04 16:07:22,148 - INFO - 
[2] Testing Dense Vector System...
2025-11-04 16:07:23,093 - INFO - ✓ FAISS index loaded: 1000000 vectors
2025-11-04 16:07:23,093 - INFO -   - Type: HNSW
2025-11-04 16:07:23,093 - INFO -   - efConstruction: 200
2025-11-04 16:07:23,093 - INFO -   - efSearch: 16
2025-11-04 16:07:23,093 - INFO - 
[3] Testing Query Embeddings...
2025-11-04 16:07:23,108 - INFO - ✓ Query embeddings loaded: 202185 queries
2025-11-04 16:07:23,108 - INFO -   - Sample IDs: ["b'786436'", "b'9'", "b'786450'", "b'524308'", "b'33'"]
2025-11-04 16:07:23,108 - INFO -   - Embedding shape: (10, 384)
2025-11-04 16:07:23,108 - INFO -   - Embedding dtype: float16
2025-11-04 16:07:23,109 - INFO - 
======================================================================
2025-11-04 16:07:23,109 - INFO - ✓ Search systems test completed
2025-11-04 16:07:23,109 - INFO - ======================================================================
2025-11-04 16:07:24,551 - INFO - 
======================================================================
2025-11-04 16:08:08,904 - INFO - 
======================================================================
2025-11-04 16:08:08,905 - INFO - RUNNING FULL EVALUATION
2025-11-04 16:08:08,905 - INFO - ======================================================================
2025-11-04 16:08:08,905 - INFO - Running: python3 /Users/vigneshshanmugasundaram/Code/github/Search-Engine/evaluate_runs.py
2025-11-04 16:13:39,484 - INFO - ✓ Evaluation completed successfully in 330.6s
2025-11-04 16:13:39,486 - INFO - 
Evaluation output:
2025-11-04 16:13:39,486 - INFO - 
2025-11-04 16:13:39,487 - INFO - 
======================================================================
2025-11-04 16:13:39,487 - INFO - CHECKING EVALUATION RESULTS
2025-11-04 16:13:39,487 - INFO - ======================================================================
2025-11-04 16:13:39,487 - INFO - 
TREC Run Files:
2025-11-04 16:13:39,492 - INFO - ✗ bm25.trec: 0 lines
2025-11-04 16:13:40,389 - INFO - ✓ dense.trec: 20,218,500 lines
2025-11-04 16:13:40,389 - INFO - ✗ rerank.trec: 0 lines
2025-11-04 16:13:40,389 - INFO - 
Evaluation Output Files:
2025-11-04 16:13:40,390 - INFO - ✗ bm25.dev.txt: /Users/vigneshshanmugasundaram/Code/github/Search-Engine/eval/bm25.dev.txt
2025-11-04 16:13:40,390 - INFO - ✗ dense.dev.txt: /Users/vigneshshanmugasundaram/Code/github/Search-Engine/eval/dense.dev.txt
2025-11-04 16:13:40,390 - INFO - ✗ rerank.dev.txt: /Users/vigneshshanmugasundaram/Code/github/Search-Engine/eval/rerank.dev.txt
2025-11-04 16:13:40,390 - INFO - ✗ bm25.eval1.txt: /Users/vigneshshanmugasundaram/Code/github/Search-Engine/eval/bm25.eval1.txt
2025-11-04 16:13:40,390 - INFO - ✗ dense.eval1.txt: /Users/vigneshshanmugasundaram/Code/github/Search-Engine/eval/dense.eval1.txt
2025-11-04 16:13:40,390 - INFO - ✗ rerank.eval1.txt: /Users/vigneshshanmugasundaram/Code/github/Search-Engine/eval/rerank.eval1.txt
2025-11-04 16:13:40,390 - INFO - ✗ bm25.eval2.txt: /Users/vigneshshanmugasundaram/Code/github/Search-Engine/eval/bm25.eval2.txt
2025-11-04 16:13:40,390 - INFO - ✗ dense.eval2.txt: /Users/vigneshshanmugasundaram/Code/github/Search-Engine/eval/dense.eval2.txt
2025-11-04 16:13:40,390 - INFO - ✗ rerank.eval2.txt: /Users/vigneshshanmugasundaram/Code/github/Search-Engine/eval/rerank.eval2.txt
2025-11-04 16:13:40,390 - INFO - 
======================================================================
2025-11-04 16:13:40,390 - INFO - EXPERIMENTAL TESTING COMPLETE
2025-11-04 16:13:40,390 - INFO - ======================================================================
2025-11-04 16:13:40,390 - INFO - 
Summary:
2025-11-04 16:13:40,390 - INFO - 1. System Requirements: Checked
2025-11-04 16:13:40,390 - INFO - 2. Search Systems: Tested
2025-11-04 16:13:40,390 - INFO - 3. Evaluation: Run (if selected)
2025-11-04 16:13:40,390 - INFO - 4. Results: Checked
2025-11-04 16:13:40,390 - INFO - 
Next steps:
2025-11-04 16:13:40,390 - INFO - - Review evaluation results in eval/ directory
2025-11-04 16:13:40,390 - INFO - - Compare metrics across systems (BM25, Dense, Rerank)
2025-11-04 16:13:40,390 - INFO - - Generate report with trade-offs analysis
